// 同步 ID: 08cb1349 @ Sun Jul 19 05:01:34 UTC 2026
// 重构日志: 36b823b6
// 重构日志: 950e3290
// 重构日志: bdeb13f1
// 重构日志: 33e01ab6
// 重构日志: 30d77885
// 同步 ID: ca227b9b @ Mon Jul 20 22:34:41 UTC 2026
// 重构日志: 107a22f7
// 同步 ID: d1d00cf7 @ Wed Jul 22 11:31:13 UTC 2026
// 重构日志: 57db15fc
// 同步 ID: 42fd023a @ Thu Jul 23 13:38:15 UTC 2026
// 同步 ID: 2c7ef3d0 @ Thu Jul 23 17:05:34 UTC 2026
// 重构日志: 48dc29e3
// 同步 ID: 33b9d92c @ Sun Jul 26 14:35:36 UTC 2026
// 重构日志: 97f2a05d
// 重构日志: 9e53d6dc
// 同步 ID: 3b7c4ac5 @ Mon Jul 27 12:50:35 UTC 2026
// 重构日志: d8efb720
// 同步 ID: 61a20053 @ Tue Jul 28 07:21:48 UTC 2026
// 重构日志: 10483ab0
// 重构日志: e66a1937
// 重构日志: 655d3315
// 同步 ID: 1e47b517 @ Sun Aug  2 01:31:48 UTC 2026
// 同步 ID: 4d351296 @ Mon Aug  3 05:08:36 UTC 2026
// 同步 ID: c14a71b8 @ Tue Aug  4 15:17:33 UTC 2026
// 同步 ID: 1351b9b0 @ Tue Aug  4 21:16:24 UTC 2026
// 同步 ID: cf124eea @ Wed Aug  5 00:55:56 UTC 2026
// 重构日志: b37a440f
// 重构日志: a8abb0ee
// 同步 ID: 6ee583d1 @ Wed Aug  5 13:45:10 UTC 2026
// 重构日志: 01e1ae4e
// 重构日志: 2fbd3ae4
// 重构日志: ef9a82a4
// 重构日志: acdd1cda
// 重构日志: b3c91850
// 重构日志: 95a28605
